Asia University Vietnam đồng hành cùng học sinh tại chuỗi Ngày hội Tư vấn Tuyển sinh – Hướng nghiệp 2026
Bỏ qua nội dung
Trong khuôn khổ chuỗi Ngày hội Tư vấn Tuyển sinh – Hướng nghiệp năm 2026 do Báo Tuổi Trẻ tổ chức, Asia University Vietnam sẽ tham gia các ngày hội quy mô lớn tại bốn thành phố gồm Hà Nội, TP. Hồ Chí Minh, Hải Phòng và Cần Thơ. Chuỗi sự kiện quy tụ hàng trăm cơ sở đào tạo trong và ngoài nước, thu hút đông đảo học sinh trung học phổ thông và phụ huynh đến tìm hiểu thông tin tuyển sinh.
Sự kiện được xem là một trong những hoạt động tư vấn tuyển sinh quy mô lớn nhất cả nước, nơi học sinh có thể tiếp cận trực tiếp với các trường đại học, lắng nghe giải đáp từ chuyên gia và cập nhật những thông tin mới nhất liên quan đến kỳ tuyển sinh năm 2026.
Asia University Vietnam có mặt tại bốn ngày hội tuyển sinh lớn
Năm nay, Asia University Vietnam tham gia các ngày hội tại Hà Nội và TP. Hồ Chí Minh vào ngày 8/3/2026, tiếp đó là các chương trình tại Hải Phòng và Cần Thơ vào ngày 22/3/2026. Đây đều là những điểm đến thu hút số lượng lớn học sinh lớp 12 và phụ huynh từ nhiều tỉnh thành lân cận.
Tại mỗi địa điểm, gian tư vấn của Asia University Vietnam sẽ trực tiếp cung cấp thông tin về chương trình đào tạo, các ngành học, học bổng và cơ hội nghề nghiệp sau khi tốt nghiệp. Đội ngũ giảng viên và cán bộ tuyển sinh của nhà trường sẽ trao đổi trực tiếp với học sinh và phụ huynh, giúp giải đáp những câu hỏi liên quan đến lựa chọn ngành học, phương thức xét tuyển và định hướng nghề nghiệp.
Ngoài hoạt động tư vấn trực tiếp, gian hàng còn tổ chức các mini game tương tác và tặng quà dành cho học sinh tham gia. Thông qua những hoạt động này, học sinh có thêm cơ hội tìm hiểu về văn hóa, môi trường học tập và đời sống sinh viên tại Đài Loan, từ đó hình dung rõ hơn về trải nghiệm học tập trong môi trường quốc tế.
Việc tham gia đồng thời nhiều ngày hội tại các khu vực khác nhau cũng giúp nhà trường tiếp cận học sinh ở nhiều địa phương, tạo điều kiện để các em tìm hiểu thông tin một cách trực tiếp và đầy đủ trước khi đưa ra quyết định quan trọng về ngành học và môi trường đào tạo.
Học sinh và phụ huynh tìm hiểu thông tin tuyển sinh tại gian tư vấn của Asia University Vietnam trong khuôn khổ Ngày hội Tư vấn Tuyển sinh – Hướng nghiệp 2026
Tư vấn ngành học và lộ trình nghề nghiệp cho học sinh
Trong bối cảnh thị trường lao động liên tục thay đổi, việc lựa chọn ngành học phù hợp đang trở thành mối quan tâm lớn của học sinh và gia đình. Tại gian tư vấn của Asia University Vietnam, học sinh có thể tìm hiểu thông tin về các lĩnh vực đào tạo như Công nghệ bán dẫn, Trí tuệ nhân tạo, Quản trị kinh doanh và Tài chính.
Đội ngũ tư vấn sẽ chia sẻ thêm về đặc điểm của từng ngành học, yêu cầu kiến thức và kỹ năng cũng như triển vọng nghề nghiệp trong bối cảnh kinh tế và công nghệ toàn cầu đang phát triển nhanh chóng. Thông qua các cuộc trao đổi trực tiếp, học sinh có cơ hội hiểu rõ hơn về định hướng học tập dài hạn và các lựa chọn nghề nghiệp sau khi tốt nghiệp.
Bên cạnh đó, phụ huynh và học sinh cũng được cập nhật thông tin về các chính sách học bổng và hỗ trợ tài chính của chương trình. Những thông tin này giúp gia đình chủ động hơn trong việc xây dựng kế hoạch học tập cho giai đoạn đại học.
Tạo cơ hội tiếp cận thông tin tuyển sinh chính thống
Các ngày hội tư vấn tuyển sinh do Báo Tuổi Trẻ tổ chức nhiều năm qua đã trở thành điểm gặp gỡ quen thuộc giữa học sinh, phụ huynh và các cơ sở đào tạo. Tại đây, học sinh không chỉ nhận được tài liệu giới thiệu chương trình học mà còn có thể trao đổi trực tiếp với đại diện các trường để hiểu rõ hơn về môi trường đào tạo.
THÔNG TIN CÁC NGÀY HỘI TƯ VẤN TUYỂN SINH – HƯỚNG NGHIỆP:
Hà Nội – Ngày 08/03/2026, Đại học Bách khoa Hà Nội
TP. Hồ Chí Minh – Ngày 08/03/2026, Trường Đại học Bách khoa TP. Hồ Chí Minh
Hải Phòng – Ngày 22/03/2026, Trường Đại học Hàng Hải Việt Nam
Cần Thơ – Ngày 22/03/2026, Trường Đại học Cần Thơ
Sự hiện diện của Asia University Vietnam tại bốn ngày hội tuyển sinh lớn trong năm 2026 được kỳ vọng sẽ góp phần giúp học sinh có thêm góc nhìn thực tế về các lựa chọn học tập sau trung học phổ thông, từ đó đưa ra quyết định phù hợp với năng lực và định hướng tương lai của bản thân.
LIÊN HỆ VỚI CHÚNG TÔI
Cơ sở Hà Nội:
Số 8 Tôn Thất Thuyết, Phường Cầu Giấy, TP. Hà Nội
asiaunivietnam@fpt.edu.vn
0775 127 333
Cơ sở TP. Hồ Chí Minh:
Global Education Space, số 485 Lê Quang Định, Phường Hạnh Thông, TP. Hồ Chí Minh
asiaunivietnam@fpt.edu.vn
0775 867 333
TIN TỨC MỚI NHẤT
Asia University
2026/07/15
Mùa hoa tử vi nở rộ tại Asia University – một góc Đài Loan đang chờ sinh viên Asia University Program khám phá
7 min. read
Share
Share
Copy Link
Link copied to clipboard!
Asia University
2026/07/15
Asia University tăng 100 bậc tại THE Impact Rankings 2026, gắn phát triển bền vững với chương trình học và trải nghiệm quốc tế
11 min. read
Share
Share
Copy Link
Link copied to clipboard!
Asia University
2026/07/14
“Asia Summer Cup 2026” khởi tranh, khuấy động mùa hè bằng những trận cầu sinh viên rực lửa
7 min. read
Share
Share
Copy Link
Link copied to clipboard!
Asia University
2026/07/14
Ngoại ngữ trở thành lợi thế giúp nam sinh Đồng Tháp “bước vào” ngành bán dẫn
9 min. read
Share
Share
Copy Link
Link copied to clipboard!
Asia University
2026/07/13
Học Tài chính trong kỷ nguyên AI: 3 nhóm vị trí đòi hỏi năng lực dữ liệu và công nghệ
11 min. read
Share
Share
Copy Link
Link copied to clipboard!
Tin tức liên quan
Asia University
2026/07/15
Mùa hoa tử vi nở rộ tại Asia University – một góc Đài Loan đang chờ sinh viên Asia University Program khám phá
7 min. read
Share
Share
Copy Link
Link copied to clipboard!
Asia University
2026/07/15
Asia University tăng 100 bậc tại THE Impact Rankings 2026, gắn phát triển bền vững với chương trình học và trải nghiệm quốc tế
11 min. read
Share
Share
Copy Link
Link copied to clipboard!
Asia University
2026/07/14
“Asia Summer Cup 2026” khởi tranh, khuấy động mùa hè bằng những trận cầu sinh viên rực lửa
7 min. read
Share
Share
Copy Link
Link copied to clipboard!
Tải thêm
Về chúng tôi
Giới thiệu chung
Lý do chọn chúng tôi
Giải thưởng và thành tựu
Giảng viên và chuyên gia
Các câu hỏi thường gặp
Mẫu văn bằng
Quy định cho phép mở ngành
Kết nối doanh nghiệp
Cuộc sống sinh viên
Công dân toàn cầu
Cuộc sống sinh viên ở Đài Loan
Cuộc sống sinh viên ở Việt Nam
Trải nghiệm quốc tế
Dịch vụ sinh viên
Ngành học
Công nghệ bán dẫn
Trí tuệ nhân tạo (AI)
Quản trị kinh doanh
Tài chính
Nghiên cứu khoa học
Tuyển sinh
Thông báo tuyển sinh
Học bổng
Học phí
Tài liệu tuyển sinh
Tin tức
Sự kiện
Sinh viên hiện tại
Đăng nhập
Đăng nhập Canvas
Quy định đào tạo
Dịch vụ sinh viên
Hỗ trợ học tập
Kết nối phụ huynh
Career success
Sinh viên tương lai
Liên hệ
Chat Zalo
Chat Zalo
Hotline 0775127333
Hotline 0775127333
Đăng ký tư vấn
Đăng ký tư vấn

Asia University Vietnam đồng hành cùng Báo Tuổi Trẻ tại chuỗi ngày tuyển sinh
Bỏ qua nội dung
Bước vào mùa tuyển sinh 2026,
Asia University Vietnam
chính thức tham gia chuỗi Ngày hội Tư vấn Tuyển sinh – Hướng nghiệp quy mô toàn quốc do
Báo Tuổi Trẻ
tổ chức. Chuỗi sự kiện diễn ra tại nhiều tỉnh, thành từ Bắc vào Nam, mang đến không gian tư vấn trực tiếp, thông tin chính thống và những trải nghiệm giáo dục quốc tế dành cho học sinh THPT và phụ huynh trên cả nước.
Không chỉ dừng lại ở việc cung cấp thông tin tuyển sinh, sự hiện diện của Asia University Vietnam tại các ngày hội hướng tới mục tiêu giúp học sinh hiểu rõ bức tranh ngành nghề trong bối cảnh toàn cầu, đồng thời hỗ trợ phụ huynh định hướng lộ trình học tập dài hạn, thực tế và phù hợp với năng lực của con em mình.
Không gian tư vấn quốc tế đến gần hơn với học sinh cả nước
Trong bối cảnh tuyển sinh đại học ngày càng có nhiều thay đổi, học sinh và phụ huynh đứng trước không ít băn khoăn: nên chọn ngành gì, học ở đâu, lộ trình nào phù hợp để vừa đảm bảo chất lượng đào tạo, vừa mở rộng cơ hội nghề nghiệp trong tương lai. Chuỗi ngày hội do Báo Tuổi Trẻ tổ chức được xem là kênh thông tin uy tín, nơi học sinh có thể tiếp cận trực tiếp với đại diện các cơ sở giáo dục trên cả nước.
Tại mỗi điểm dừng, gian hàng của Asia University Vietnam được thiết kế như một không gian tư vấn mở, nơi học sinh và phụ huynh có thể trao đổi 1–1 với đội ngũ chuyên gia tuyển sinh về chương trình đào tạo, ngành học, học bổng cũng như cơ hội học tập và làm việc trong môi trường quốc tế.
Những giá trị đem lại cho học sinh và phụ huynh
Tham gia chuỗi ngày hội tuyển sinh 2026, Asia University Vietnam tập trung mang đến những giá trị cụ thể, sát với nhu cầu thực tế của học sinh và gia đình như:
Tư vấn lộ trình học tập chuẩn quốc tế: Học sinh được giới thiệu mô hình đào tạo 2 năm tại Việt Nam và 2 năm tại Đài Loan (Trung Quốc) – lộ trình được thiết kế linh hoạt, cá nhân hóa theo năng lực, định hướng ngành nghề và mục tiêu dài hạn của từng học sinh.
Định hướng ngành học gắn với xu thế toàn cầu: Thông qua các buổi trao đổi trực tiếp, đội ngũ tư vấn giúp học sinh hiểu rõ đặc thù và triển vọng của các lĩnh vực đang có nhu cầu nhân lực cao như Công nghệ bán dẫn, Trí tuệ nhân tạo, Quản trị kinh doanh và Tài chính trong bối cảnh hội nhập quốc tế.
Thông tin học bổng hấp dẫn: Phụ huynh và học sinh được cập nhật đầy đủ các chính sách học bổng mới nhất, qua đó chủ động xây dựng kế hoạch tài chính cho hành trình đại học ngay từ đầu, tránh những áp lực phát sinh trong quá trình học tập.
Asia University Vietnam đồng hành cùng Báo Tuổi Trẻ tại chuỗi Ngày hội Tư vấn Tuyển sinh – Hướng nghiệp năm 2026
Trải nghiệm sinh động bên cạnhhoạt động tư vấn
Bên cạnh hoạt động tư vấn chuyên sâu, gian hàng Asia University Vietnam tại các ngày hội còn mang đến nhiều hoạt động trải nghiệm nhằm tạo không khí gần gũi, giúp học sinh tiếp cận thông tin một cách tự nhiên hơn.
Học sinh có thể tham gia các mini game tương tác, nhận quà tặng và tìm hiểu thêm về văn hóa, đời sống sinh viên Đài Loan – một trong những điểm đến học tập và làm việc hấp dẫn tại châu Á. Những hoạt động này góp phần giúp học sinh hình dung rõ hơn về môi trường học tập quốc tế.
“Chúng tôi mong muốn giúp học sinh và phụ huynh có thêm thông tin đầy đủ, khách quan để đưa ra lựa chọn phù hợp. Chuỗi ngày hội do Báo Tuổi Trẻ tổ chức là cơ hội để Asia University Vietnam lắng nghe nhiều hơn những băn khoăn thực tế của học sinh, từ đó đồng hành cùng các em trong việc xây dựng lộ trình học tập và nghề nghiệp dài hạn, gắn với bối cảnh toàn cầu”
, cô Thái Hoàng Lam – Trưởng phòng Tuyển sinh Asia University Vietnam (cơ sở Hà Nội) chia sẻ.
Cô Lam cũng nhấn mạnh rằng việc gặp gỡ trực tiếp tại các ngày hội giúp đội ngũ tuyển sinh hiểu rõ hơn sự khác biệt về nhu cầu, điều kiện và định hướng của học sinh từng địa phương, qua đó tư vấn sát với từng trường hợp cụ thể.
Lịch trình các ngày hội Asia University Vietnam tham gia
Trong khuôn khổ chuỗi Ngày hội Tư vấn Tuyển sinh – Hướng nghiệp 2026 do Báo Tuổi Trẻ tổ chức, Asia University Vietnam sẽ có mặt tại nhiều tỉnh, thành trên cả nước:
Đắk Lắk
– Ngày 10/01/2026, Trường Đại học Tây Nguyên
Nghệ An
– Ngày 17/01/2026, Trường Đại học Vinh
Huế
– Ngày 17/01/2026, Trung tâm Hoạt động Thanh thiếu nhi tỉnh Thừa Thiên Huế
Thanh Hóa
– Ngày 18/01/2026, Trường Đại học Hồng Đức
Đà Nẵng
– Ngày 18/01/2026, Trường THPT Phan Châu Trinh
Khánh Hòa
– Ngày 25/01/2026, Trường Đại học Khánh Hòa
Hà Nội
– Ngày 08/03/2026, Đại học Bách khoa Hà Nội
TP. Hồ Chí Minh
– Ngày 08/03/2026, Trường Đại học Bách khoa TP. Hồ Chí Minh
Hải Phòng
– Ngày 22/03/2026, Trường Đại học Hàng Hải Việt Nam
Cần Thơ
– Ngày 22/03/2026, Trường Đại học Cần Thơ
Thông qua sự kiện, Asia University Vietnam mong muốn góp phần giúp học sinh Việt Nam tiếp cận sớm hơn với các mô hình đào tạo quốc tế, từ đó xây dựng nền tảng vững chắc cho một sự nghiệp toàn cầu trong tương lai.
LIÊN HỆ VỚI CHÚNG TÔI
Cơ sở Hà Nội:
Số 8 Tôn Thất Thuyết, Phường Cầu Giấy, TP. Hà Nội
asiaunivietnam@fpt.edu.vn
0775 127 333
Cơ sở TP. Hồ Chí Minh:
Global Education Space, số 485 Lê Quang Định, Phường Hạnh Thông, TP. Hồ Chí Minh
asiaunivietnam@fpt.edu.vn
0775 867 333
TIN TỨC MỚI NHẤT
Asia University
2026/07/15
Mùa hoa tử vi nở rộ tại Asia University – một góc Đài Loan đang chờ sinh viên Asia University Program khám phá
7 min. read
Share
Share
Copy Link
Link copied to clipboard!
Asia University
2026/07/15
Asia University tăng 100 bậc tại THE Impact Rankings 2026, gắn phát triển bền vững với chương trình học và trải nghiệm quốc tế
11 min. read
Share
Share
Copy Link
Link copied to clipboard!
Asia University
2026/07/14
“Asia Summer Cup 2026” khởi tranh, khuấy động mùa hè bằng những trận cầu sinh viên rực lửa
7 min. read
Share
Share
Copy Link
Link copied to clipboard!
Asia University
2026/07/14
Ngoại ngữ trở thành lợi thế giúp nam sinh Đồng Tháp “bước vào” ngành bán dẫn
9 min. read
Share
Share
Copy Link
Link copied to clipboard!
Asia University
2026/07/13
Học Tài chính trong kỷ nguyên AI: 3 nhóm vị trí đòi hỏi năng lực dữ liệu và công nghệ
11 min. read
Share
Share
Copy Link
Link copied to clipboard!
Tin tức liên quan
Asia University
2026/07/15
Mùa hoa tử vi nở rộ tại Asia University – một góc Đài Loan đang chờ sinh viên Asia University Program khám phá
7 min. read
Share
Share
Copy Link
Link copied to clipboard!
Asia University
2026/07/15
Asia University tăng 100 bậc tại THE Impact Rankings 2026, gắn phát triển bền vững với chương trình học và trải nghiệm quốc tế
11 min. read
Share
Share
Copy Link
Link copied to clipboard!
Asia University
2026/07/14
“Asia Summer Cup 2026” khởi tranh, khuấy động mùa hè bằng những trận cầu sinh viên rực lửa
7 min. read
Share
Share
Copy Link
Link copied to clipboard!
Tải thêm
Về chúng tôi
Giới thiệu chung
Lý do chọn chúng tôi
Giải thưởng và thành tựu
Giảng viên và chuyên gia
Các câu hỏi thường gặp
Mẫu văn bằng
Quy định cho phép mở ngành
Kết nối doanh nghiệp
Cuộc sống sinh viên
Công dân toàn cầu
Cuộc sống sinh viên ở Đài Loan
Cuộc sống sinh viên ở Việt Nam
Trải nghiệm quốc tế
Dịch vụ sinh viên
Ngành học
Công nghệ bán dẫn
Trí tuệ nhân tạo (AI)
Quản trị kinh doanh
Tài chính
Nghiên cứu khoa học
Tuyển sinh
Thông báo tuyển sinh
Học bổng
Học phí
Tài liệu tuyển sinh
Tin tức
Sự kiện
Sinh viên hiện tại
Đăng nhập
Đăng nhập Canvas
Quy định đào tạo
Dịch vụ sinh viên
Hỗ trợ học tập
Kết nối phụ huynh
Career success
Sinh viên tương lai
Liên hệ
Chat Zalo
Chat Zalo
Hotline 0775127333
Hotline 0775127333
Đăng ký tư vấn
Đăng ký tư vấn

Asia University tăng 100 bậc tại THE Impact Rankings 2026, gắn phát triển bền vững với chương trình học và trải nghiệm quốc tế
Bỏ qua nội dung
Với sinh viên Asia University Program, đây cũng là nền tảng quan trọng trong lộ trình học tập 2 năm ở Việt Nam, 2 năm ở Đài Loan, từ các học phần phát triển bền vững tại Việt Nam đến trải nghiệm trong môi trường giáo dục quốc tế.
Asia University lọt top 201–300 thế giới bảng xếp hạng THE Impact Rankings 2026
THE Impact Rankings là bảng xếp hạng do Times Higher Education (THE) thực hiện, đánh giá mức độ đóng góp của các trường đại học đối với “Sustainable Development Goals – SDGs” (Các Mục tiêu Phát triển Bền vững) của Liên Hợp Quốc. Bảng xếp hạng đánh giá hoạt động nghiên cứu, giảng dạy, quản trị, phục vụ cộng đồng và khả năng thiết lập quan hệ đối tác của mỗi cơ sở giáo dục.
Tại THE Impact Rankings 2026, Asia University nằm trong top 201-300 thế giới, tăng 100 bậc so với năm trước. Trường đồng hạng 11 tại Đài Loan, đồng hạng 5 trong khối đại học tư thục và đứng thứ 3 trong nhóm đại học tư thục không chuyên về y khoa.
Asia University tăng 100 bậc tại THE Impact Rankings 2026, lần đầu vào top 201–300 trường đại học có tác động bền vững trên thế giới
Trong các mục tiêu được đánh giá, thành tích ấn tượng của Asia University là “SDG 15 – Life on Land” (Hệ sinh thái trên cạn) xếp thứ 86 thế giới và lần đầu lọt top 100 toàn cầu. Mục tiêu này đánh giá những đóng góp của đại học trong bảo tồn hệ sinh thái trên cạn, duy trì đa dạng sinh học, quản lý không gian xanh và thúc đẩy giáo dục về môi trường.
Bên cạnh đó, Asia University còn vào top 200 thế giới hạng mục “SDG 17 – Partnerships for the Goals” (Quan hệ đối tác vì các mục tiêu phát triển bền vững). Trường đồng thời nằm trong top 300 ở “SDG 3 – Good Health and Well-being” (Sức khỏe tốt và cuộc sống hạnh phúc) và top 400 ở “SDG 4 – Quality Education” (Giáo dục có chất lượng).
Các kết quả cho thấy hoạt động phát triển bền vững của Asia University được triển khai trên nhiều phương diện, từ quản trị khuôn viên, giáo dục và nghiên cứu đến chăm sóc sức khỏe, trách nhiệm xã hội và hợp tác với các tổ chức bên ngoài nhà trường.
Phát triển bền vững được đưa vào giáo dục, nghiên cứu và trách nhiệm xã hội
Để bảo vệ hệ sinh thái trong khuôn viên, Asia University thực hiện giám sát hằng năm đối với môi trường tự nhiên, tỷ lệ che phủ xanh và mức độ đa dạng sinh học. Trường cũng xây dựng chính sách hạn chế tác động của các loài ngoại lai, đồng thời duy trì môi trường sống cho nhiều loài động, thực vật.
Hồ Thái Cực, khu vực có hệ sinh thái phong phú trong khuôn viên, được phát triển thành hành lang học tập bền vững và không gian học tập xanh liên ngành. Qua đó, khuôn viên đại học trở thành một phần của môi trường giáo dục, nơi sinh viên có thể quan sát mối quan hệ giữa con người, hoạt động phát triển và bảo tồn tự nhiên.
Hồ Thái Cực là trung tâm của hành lang học tập bền vững và không gian học tập xanh liên ngành tại Asia University
Nhà trường cũng ứng dụng AI trong giáo dục thông qua các nền tảng hỗ trợ học tập cho học sinh tại địa phương và những khu vực còn hạn chế về điều kiện tiếp cận giáo dục. Các chương trình về chăm sóc người cao tuổi, sức khỏe tinh thần, an toàn thực phẩm và công nghệ thông minh giúp sinh viên tiếp cận những bài toán liên ngành thay vì chỉ học kiến thức trong phạm vi một chuyên môn riêng biệt.
Đối với SDG 17, giảng viên Asia University tham gia các hội đồng chuyên gia của chính phủ và đóng góp vào quá trình xây dựng chính sách phát triển bền vững. Trường cũng hợp tác với doanh nghiệp, tổ chức nghiên cứu và các đơn vị xã hội nhằm hỗ trợ chuyển giao kiến thức, tiếp cận tiêu chuẩn quốc tế và đưa sáng kiến vào thực tiễn.
Chia sẻ về định hướng của trường, GS. Jeffrey J.P. Tsai – Hiệu trưởng Asia University chia sẻ:
“Kể từ khi tham gia THE Impact Rankings vào năm 2021, thứ hạng tổng thể của Asia University liên tục được cải thiện, phản ánh những nỗ lực lâu dài của nhà trường trong việc đưa phát triển bền vững vào quản trị, thiết kế chương trình, nghiên cứu và hoạt động xã hội”.
Từ những hoạt động trên, sinh viên có điều kiện hiểu rằng phát triển bền vững không chỉ liên quan đến môi trường. Khái niệm này còn gắn với sức khỏe, giáo dục, công nghệ, quản trị, tài chính, trách nhiệm doanh nghiệp và khả năng giải quyết các vấn đề xã hội.
Đại diện Asia University tại lễ khai trương Hành lang học tập bền vững Hồ Thái Cực, một trong những sáng kiến thúc đẩy giáo dục và phát triển bền vững của nhà trường
Từ nền tảng phát triển bền vững tại Việt Nam đến trải nghiệm học tập tại Asia University
Trong hai năm đầu học tại Việt Nam, sinh viên Asia University Vietnam được tiếp cận học phần “Phát triển bền vững và thực hành” ngay từ năm học đầu tiên. Việc đưa nội dung này vào giai đoạn nền tảng giúp người học sớm hình thành nhận thức về mối liên hệ giữa phát triển kinh tế, tiến bộ công nghệ, trách nhiệm xã hội và bảo vệ môi trường.
Thông qua học phần, sinh viên có thể làm quen với các Mục tiêu Phát triển Bền vững của Liên Hợp Quốc, nhận diện những vấn đề thực tế và từng bước xây dựng tư duy giải quyết vấn đề theo hướng liên ngành. Đây cũng là nền tảng để người học hiểu rằng mỗi ngành đào tạo đều có thể đóng góp vào những mục tiêu chung của xã hội.
Với sinh viên Công nghệ bán dẫn, tư duy phát triển bền vững có thể hỗ trợ việc nhìn nhận các vấn đề về năng lượng, tài nguyên, quy trình sản xuất và chuỗi cung ứng công nghệ. Sinh viên Trí tuệ nhân tạo có cơ sở để tiếp cận những vấn đề như AI có trách nhiệm, bảo vệ dữ liệu và ứng dụng công nghệ trong y tế, giáo dục hoặc môi trường.
Đối với Quản trị kinh doanh, phát triển bền vững gắn với trách nhiệm doanh nghiệp, quản trị các bên liên quan, đổi mới và chiến lược ESG. Trong lĩnh vực Tài chính, người học có thể từng bước tiếp cận các khái niệm về tài chính xanh, đầu tư có trách nhiệm và đánh giá tác động xã hội, môi trường của các quyết định tài chính.
Sau hai năm học tại Việt Nam, sinh viên chuyển tiếp sang Asia University, Đài Loan (Trung Quốc), nơi phát triển bền vững được tích hợp vào quản trị, nghiên cứu, hoạt động cộng đồng và hợp tác quốc tế. Nhờ đó, những kiến thức từ học phần “Phát triển bền vững và thực hành” không chỉ dừng lại trên giảng đường mà còn được mở rộng thông qua trải nghiệm trong khuôn viên, các dự án học thuật và môi trường học tập liên ngành của trường.
Qua đó, sinh viên Asia University Program có điều kiện phát triển tư duy toàn cầu, khả năng làm việc liên ngành và ý thức trách nhiệm với cộng đồng – những năng lực ngày càng cần thiết trong môi trường học tập và nghề nghiệp quốc tế.
LIÊN HỆ VỚI CHÚNG TÔI
Cơ sở Hà Nội:
Số 8 Tôn Thất Thuyết, Phường Cầu Giấy, TP. Hà Nội
asiaunivietnam@fpt.edu.vn
0775 127 333
Cơ sở TP. Hồ Chí Minh:
Global Education Space, số 485 Lê Quang Định, Phường Hạnh Thông, TP. Hồ Chí Minh
asiaunivietnam@fpt.edu.vn
0775 867 333
TIN TỨC MỚI NHẤT
Asia University
2026/07/15
Mùa hoa tử vi nở rộ tại Asia University – một góc Đài Loan đang chờ sinh viên Asia University Program khám phá
7 min. read
Share
Share
Copy Link
Link copied to clipboard!
Asia University
2026/07/15
Asia University tăng 100 bậc tại THE Impact Rankings 2026, gắn phát triển bền vững với chương trình học và trải nghiệm quốc tế
11 min. read
Share
Share
Copy Link
Link copied to clipboard!
Asia University
2026/07/14
“Asia Summer Cup 2026” khởi tranh, khuấy động mùa hè bằng những trận cầu sinh viên rực lửa
7 min. read
Share
Share
Copy Link
Link copied to clipboard!
Asia University
2026/07/14
Ngoại ngữ trở thành lợi thế giúp nam sinh Đồng Tháp “bước vào” ngành bán dẫn
9 min. read
Share
Share
Copy Link
Link copied to clipboard!
Asia University
2026/07/13
Học Tài chính trong kỷ nguyên AI: 3 nhóm vị trí đòi hỏi năng lực dữ liệu và công nghệ
11 min. read
Share
Share
Copy Link
Link copied to clipboard!
Tin tức liên quan
Asia University
2026/07/15
Mùa hoa tử vi nở rộ tại Asia University – một góc Đài Loan đang chờ sinh viên Asia University Program khám phá
7 min. read
Share
Share
Copy Link
Link copied to clipboard!
Asia University
2026/07/14
“Asia Summer Cup 2026” khởi tranh, khuấy động mùa hè bằng những trận cầu sinh viên rực lửa
7 min. read
Share
Share
Copy Link
Link copied to clipboard!
Asia University
2026/07/14
Ngoại ngữ trở thành lợi thế giúp nam sinh Đồng Tháp “bước vào” ngành bán dẫn
9 min. read
Share
Share
Copy Link
Link copied to clipboard!
Tải thêm
Về chúng tôi
Giới thiệu chung
Lý do chọn chúng tôi
Giải thưởng và thành tựu
Giảng viên và chuyên gia
Các câu hỏi thường gặp
Mẫu văn bằng
Quy định cho phép mở ngành
Kết nối doanh nghiệp
Cuộc sống sinh viên
Công dân toàn cầu
Cuộc sống sinh viên ở Đài Loan
Cuộc sống sinh viên ở Việt Nam
Trải nghiệm quốc tế
Dịch vụ sinh viên
Ngành học
Công nghệ bán dẫn
Trí tuệ nhân tạo (AI)
Quản trị kinh doanh
Tài chính
Nghiên cứu khoa học
Tuyển sinh
Thông báo tuyển sinh
Học bổng
Học phí
Tài liệu tuyển sinh
Tin tức
Sự kiện
Sinh viên hiện tại
Đăng nhập
Đăng nhập Canvas
Quy định đào tạo
Dịch vụ sinh viên
Hỗ trợ học tập
Kết nối phụ huynh
Career success
Sinh viên tương lai
Liên hệ
Chat Zalo
Chat Zalo
Hotline 0775127333
Hotline 0775127333
Đăng ký tư vấn
Đăng ký tư vấn

Asia University Vietnam mang trải nghiệm giáo dục quốc tế đến ngày hội tuyển sinh 2026 Asia University Vietnam mang trải nghiệm giáo dục quốc tế đến ngày hội tuyển sinh 2026sep% Trang thông tin chính thức của ASIA University Vietnam
Bỏ qua nội dung
Vừa qua, gian hàng của Asia University Vietnam đã thu hút đông đảo học sinh và phụ huynh tại Ngày hội Tư vấn Tuyển sinh – Hướng nghiệp 2026 do Báo Tuổi Trẻ tổ chức. Thông qua các hoạt động trải nghiệm và tư vấn trực tiếp, nhiều học sinh và gia đình đã có cơ hội tìm hiểu rõ hơn về chương trình đào tạo quốc tế, lộ trình học tập toàn cầu cũng như các lĩnh vực ngành nghề đang được quan tâm trong kỷ nguyên công nghệ.
Sự kiện được tổ chức tại hai điểm cầu lớn: Đại học Bách khoa Hà Nội và Trường Đại học Bách khoa TP. Hồ Chí Minh, thu hút đông đảo học sinh trung học phổ thông cùng phụ huynh đến tìm hiểu thông tin tuyển sinh từ nhiều trường đại học trong và ngoài nước.
Tại ngày hội, gian hàng Asia University Vietnam ghi nhận sự quan tâm của nhiều học sinh, phụ huynh đến từ các trường THPT tại Hà Nội, TP. Hồ Chí Minh và nhiều tỉnh thành lân cận.
Tại đây, học sinh đã trực tiếp trao đổi với đội ngũ tư vấn tuyển sinh để tìm hiểu về các ngành học trong lĩnh vực công nghệ và kinh tế, bao gồm Công nghệ bán dẫn, Trí tuệ nhân tạo, Quản trị kinh doanh và Tài chính – những lĩnh vực đang được đánh giá có nhu cầu nhân lực lớn trong bối cảnh chuyển đổi số.
Bên cạnh học sinh, nhiều phụ huynh cũng dành thời gian lắng nghe và đặt câu hỏi về mô hình đào tạo quốc tế của chương trình. Đặc biệt, mô hình 2 năm học tại Việt Nam – 2 năm chuyển tiếp tại Đài Loan (Trung Quốc), cùng cơ hội nhận bằng cử nhân quốc tế từ Asia University và triển vọng nghề nghiệp sau khi tốt nghiệp là những nội dung được nhiều gia đình quan tâm.
Một điểm nhấn tại gian hàng năm nay là sự tham gia của GS. Chun Wei Lin – Trưởng phòng Hợp tác Quốc tế, Trưởng phòng Đào tạo của Asia University, Đài Loan (Trung Quốc).
GS. Chun Wei Lin (đứng giữa) giao lưu cùng cán bộ Asia University Vietnam
Tham dự sự kiện tại TP. Hồ Chí Minh, GS. Chun Wei Lin cho biết, ông thực sự ấn tượng với tinh thần quốc tế của Asia University Vietnam thông qua gian hàng tại ngày hội tuyển sinh này. Đồng thời cũng cũng đánh giá cao sự nhiệt tình, tận tâm của cán bộ nhà trường tỏng việc hỗ trợ học sinh, phụ huynh tìm hiểu những thông tin cần thiết.
Sự hiện diện của đại diện học thuật từ Asia University cũng giúp học sinh và phụ huynh có thêm góc nhìn trực tiếp về hệ thống đào tạo, môi trường học tập và các cơ hội phát triển trong hệ sinh thái giáo dục quốc tế của chương trình.
Chị Thúy – một phụ huynh có con đang tìm hiểu ngành học đại học chia sẻ:
“Tôi ấn tượng với việc, các con được trải nghiệm môi trường quốc tế nhưng vẫn có thời gian chuẩn bị tại Việt Nam. Việc học bằng tiếng Anh và có thêm trải nghiệm văn hóa, học thêm tiếng Trung sẽ giúp các con sớm thích nghi khi chuyển tiếp sang môi trường mới”.
Không chỉ dừng lại ở hoạt động tư vấn tuyển sinh, gian hàng Asia University Vietnam còn mang đến nhiều hoạt động trải nghiệm thú vị. Các trò chơi tương tác như “Hành trình của Electron” hay “Tay nhanh hơn não” đã thu hút sự tham gia của đông đảo học sinh, giúp các bạn vừa giải trí vừa khám phá những kiến thức thú vị liên quan đến công nghệ.
Ngoài ra, nhiều phần quà độc quyền từ Asia University Vietnam cùng trà sữa – một nét văn hóa đặc trưng của Đài Loan cũng được chuẩn bị dành cho người tham dự, góp phần tạo nên không khí sôi động và thân thiện tại gian hàng.
Thông qua các cuộc trao đổi trực tiếp tại sự kiện, nhiều phụ huynh cho biết họ đánh giá cao mô hình đào tạo quốc tế kết hợp giữa môi trường học tập tại Việt Nam và cơ hội trải nghiệm tại nước ngoài.
Đối với nhiều học sinh, việc được trực tiếp gặp gỡ đội ngũ tư vấn, tìm hiểu thông tin về ngành học và tham gia các hoạt động trải nghiệm tại gian hàng đã giúp các bạn có thêm góc nhìn rõ ràng hơn về lựa chọn đại học trong tương lai.
Một số hình ảnh đẹp tại sự kiện:
Thông qua sự hiện diện tại Ngày hội Tư vấn Tuyển sinh – Hướng nghiệp 2026, Asia University Vietnam tiếp tục mở rộng cơ hội kết nối với học sinh và phụ huynh trên cả nước.
Những cuộc trao đổi trực tiếp tại gian hàng không chỉ giúp học sinh hiểu rõ hơn về chương trình đào tạo, mà còn góp phần mang đến cái nhìn cụ thể về lộ trình học tập quốc tế, môi trường giáo dục toàn cầu và cơ hội nghề nghiệp dài hạn trong các lĩnh vực công nghệ và kinh tế.
LIÊN HỆ VỚI CHÚNG TÔI
Cơ sở Hà Nội:
Số 8 Tôn Thất Thuyết, Phường Cầu Giấy, TP. Hà Nội
asiaunivietnam@fpt.edu.vn
0775 127 333
Cơ sở TP. Hồ Chí Minh:
Global Education Space, số 485 Lê Quang Định, Phường Hạnh Thông, TP. Hồ Chí Minh
asiaunivietnam@fpt.edu.vn
0775 867 333
TIN TỨC MỚI NHẤT
Asia University
2026/07/15
Mùa hoa tử vi nở rộ tại Asia University – một góc Đài Loan đang chờ sinh viên Asia University Program khám phá
7 min. read
Share
Share
Copy Link
Link copied to clipboard!
Asia University
2026/07/15
Asia University tăng 100 bậc tại THE Impact Rankings 2026, gắn phát triển bền vững với chương trình học và trải nghiệm quốc tế
11 min. read
Share
Share
Copy Link
Link copied to clipboard!
Asia University
2026/07/14
“Asia Summer Cup 2026” khởi tranh, khuấy động mùa hè bằng những trận cầu sinh viên rực lửa
7 min. read
Share
Share
Copy Link
Link copied to clipboard!
Asia University
2026/07/14
Ngoại ngữ trở thành lợi thế giúp nam sinh Đồng Tháp “bước vào” ngành bán dẫn
9 min. read
Share
Share
Copy Link
Link copied to clipboard!
Asia University
2026/07/13
Học Tài chính trong kỷ nguyên AI: 3 nhóm vị trí đòi hỏi năng lực dữ liệu và công nghệ
11 min. read
Share
Share
Copy Link
Link copied to clipboard!
Tin tức liên quan
Asia University
2026/07/15
Mùa hoa tử vi nở rộ tại Asia University – một góc Đài Loan đang chờ sinh viên Asia University Program khám phá
7 min. read
Share
Share
Copy Link
Link copied to clipboard!
Asia University
2026/07/15
Asia University tăng 100 bậc tại THE Impact Rankings 2026, gắn phát triển bền vững với chương trình học và trải nghiệm quốc tế
11 min. read
Share
Share
Copy Link
Link copied to clipboard!
Asia University
2026/07/14
“Asia Summer Cup 2026” khởi tranh, khuấy động mùa hè bằng những trận cầu sinh viên rực lửa
7 min. read
Share
Share
Copy Link
Link copied to clipboard!
Tải thêm
Về chúng tôi
Giới thiệu chung
Lý do chọn chúng tôi
Giải thưởng và thành tựu
Giảng viên và chuyên gia
Các câu hỏi thường gặp
Mẫu văn bằng
Quy định cho phép mở ngành
Kết nối doanh nghiệp
Cuộc sống sinh viên
Công dân toàn cầu
Cuộc sống sinh viên ở Đài Loan
Cuộc sống sinh viên ở Việt Nam
Trải nghiệm quốc tế
Dịch vụ sinh viên
Ngành học
Công nghệ bán dẫn
Trí tuệ nhân tạo (AI)
Quản trị kinh doanh
Tài chính
Nghiên cứu khoa học
Tuyển sinh
Thông báo tuyển sinh
Học bổng
Học phí
Tài liệu tuyển sinh
Tin tức
Sự kiện
Sinh viên hiện tại
Đăng nhập
Đăng nhập Canvas
Quy định đào tạo
Dịch vụ sinh viên
Hỗ trợ học tập
Kết nối phụ huynh
Career success
Sinh viên tương lai
Liên hệ
Chat Zalo
Chat Zalo
Hotline 0775127333
Hotline 0775127333
Đăng ký tư vấn
Đăng ký tư vấn

7 khóa học Coursera hữu ích cho sinh viên ngành bán dẫn, AI
Bỏ qua nội dung
Trong bối cảnh ngành công nghiệp bán dẫn và AI đang định hình lại nền kinh tế toàn cầu, việc cập nhật kiến thức theo chuẩn quốc tế là yếu tố then chốt giúp nhân sự trẻ tạo lợi thế cạnh tranh. Bên cạnh kiến thức nền tảng được trang bị tại giảng đường, sinh viên Asia University Vietnam được khuyến khích tiếp cận thêm nguồn học liệu bổ trợ chất lượng cao trên Coursera.
Nhóm kiến thức bán dẫn và hạ tầng phần cứng
1. Semiconductor Devices Specialization
Nhà cung cấp:
University of Colorado Boulder
Khóa học này bao gồm 3 phần liên kết chặt chẽ, tập trung vào các linh kiện cốt lõi của ngành bán dẫn. Sinh viên sẽ đi sâu vào cấu trúc của tiếp giáp P-N, tranzito MOSFET và BJT – những thành phần cơ bản tạo nên mọi vi mạch hiện đại.
Nội dung khóa học giúp người học hiểu rõ nguyên lý hoạt động của thiết bị từ cấp độ nguyên tử đến ứng dụng thực tế.
Với tổng thời lượng khoảng 50 giờ học, chuyên ngành này được đánh giá 4.6/5 sao từ hơn 6.000 đánh giá và thu hút hơn 40.000 học viên. Đây là nguồn kiến thức nền tảng thiết yếu giúp sinh viên nắm vững vật lý thiết bị trước khi bước vào các môn chuyên ngành về thiết kế vi mạch (IC Design).
Xem thêm về khóa học
tại đây
2. Semiconductor Physics
Nhà cung cấp:
University of Colorado Boulder
Dành cho những sinh viên muốn nắm bắt bản chất vật lý của công nghệ bán dẫn, khóa học đi sâu vào lý thuyết dải năng lượng (energy bands) và cơ chế vận chuyển hạt tải điện. Nội dung bao gồm các mô-đun về cấu trúc tinh thể, thống kê hạt tải điện và các phương trình vận chuyển cơ bản.
Khóa học kéo dài khoảng 18 giờ với nhiều bài tập kiểm tra kiến thức, đạt đánh giá 4.6/5 sao. Việc hoàn thành khóa học này trang bị cho sinh viên tư duy vật lý vững chắc, điều kiện tiên quyết để giải quyết các vấn đề phức tạp trong quy trình thiết kế và sản xuất chip.
Xem thêm về khóa học
tại đây
3. Introduction to Semiconductor Packaging
Nhà cung cấp:
Arizona State University
Đóng gói vi mạch (Packaging) đang trở thành khâu quan trọng quyết định hiệu năng của chip. Khóa học cung cấp cái nhìn toàn diện về phân cấp đóng gói, chức năng, các khiếm khuyết thường gặp và tiêu chuẩn độ tin cậy. Sinh viên sẽ học cách xác định vai trò của packaging trong việc bảo vệ và kết nối vi mạch với hệ thống bên ngoài.
Với thời lượng ngắn gọn khoảng 12 giờ, khóa học được cộng đồng người học đánh giá rất cao ở mức 4.8/5 sao. Đây là tài liệu nhập môn lý tưởng giúp sinh viên hiểu rõ vai trò của công đoạn OSAT (Lắp ráp và Kiểm thử) trong chuỗi cung ứng toàn cầu.
Xem thêm về khóa học
tại đây
4. Semiconductor Packaging Manufacturing
Nhà cung cấp:
Arizona State University
Nếu khóa học nhập môn thiên về lý thuyết, học phần này tập trung vào quy trình kỹ thuật thực tế tại nhà máy. Sinh viên sẽ tìm hiểu quy trình sản xuất từ thiết kế chất nền, lắp ráp flip-chip đến các công nghệ hàn gắn và quy trình kiểm soát chất lượng.
Khóa học có thời lượng khoảng 10 giờ, đạt đánh giá 4.8/5 sao. Kiến thức từ khóa học giúp sinh viên hình dung rõ ràng môi trường làm việc công nghiệp, từ đó rút ngắn khoảng cách giữa kiến thức sách vở và thực tế sản xuất tại các nhà máy bán dẫn.
Xem thêm về khóa học
tại đây
Nhóm kiến thức AI, Học máy và Công nghệ mới
5. Emerging Technologies: From Smartphones to IoT to Big Data Specialization
Nhà cung cấp:
Yonsei University
Khóa học này phù hợp với sinh viên muốn nắm bắt bức tranh toàn cảnh về sự hội tụ công nghệ. Nội dung phân tích mối liên hệ giữa Dữ liệu lớn (Big Data), Điện toán đám mây, IoT và thiết bị di động thông minh. Sinh viên sẽ hiểu cách các công nghệ này tương tác để tạo nên hạ tầng số hiện đại.
Chương trình gồm 4 phần nhỏ với tổng thời lượng khoảng 40 giờ, thu hút hơn 90.000 học viên toàn cầu và đạt đánh giá 4.6/5 sao. Khóa học giúp sinh viên phát triển tư duy công nghệ tổng quát, kỹ năng cần thiết để định vị bản thân trong thị trường lao động biến đổi nhanh chóng.
Xem thêm về khóa học
tại đây
6. Introduction to Artificial Intelligence (AI)
Nhà cung cấp:
IBM
Khóa học này cung cấp nền tảng cơ bản về Trí tuệ nhân tạo dành cho người mới bắt đầu. Sinh viên sẽ được tiếp cận các khái niệm cốt lõi như Học máy (Machine Learning), Học sâu (Deep Learning), Mạng nơ-ron và Đạo đức trong AI. Nội dung cũng giới thiệu các trường hợp sử dụng thực tế (use cases) của AI trong các ngành công nghiệp khác nhau.
Với thời lượng linh hoạt khoảng 9 giờ, khóa học đã thu hút hơn 350.000 người học và nhận đánh giá 4.7/5 sao. Sau khóa học, sinh viên sẽ nắm được các thuật ngữ chuyên ngành và hiểu rõ quy trình ứng dụng AI trong doanh nghiệp.
Xem thêm về khóa học
tại đây
7. Introduction to Generative AI
Nhà cung cấp:
Google Cloud
Đây là khóa học nhập môn tập trung vào AI tạo sinh (Generative AI) – xu hướng công nghệ nổi bật nhất hiện nay. Nội dung giải thích sự khác biệt giữa phương pháp AI truyền thống và AI tạo sinh, cách sử dụng các mô hình ngôn ngữ lớn (LLMs) và công cụ Google AI Studio để phát triển ứng dụng.
Khóa học được thiết kế ngắn gọn trong khoảng 1-2 giờ, tập trung vào kiến thức cô đọng và thực tiễn. Với hơn 1 triệu lượt đăng ký và đánh giá 4.7/5 sao, đây là bước khởi đầu hoàn hảo để sinh viên tiếp cận công nghệ AI tiên tiến nhất từ chính các chuyên gia Google.
Xem thêm về khóa học
tại đây
Sinh viên Asia University Vietnam hăng say thảo luận về bán dẫn và AI, thể hiện tinh thần học tập chủ động và tư duy toàn cầu
Với hình thức học tập linh hoạt, sinh viên có thể chủ động trau dồi kiến thức mọi lúc mọi nơi. Sau khi hoàn thành, người học sẽ nhận được chứng chỉ từ Coursera. Bên cạnh kiến thức chuyên môn, chứng chỉ hoàn thành từ Coursera là điểm cộng sáng giá cho hồ sơ năng lực, tạo bước đệm vững chắc cho lộ trình hội nhập quốc tế.
Việc cấp tài khoản và định hướng học tập trên Coursera thể hiện cam kết của
Asia University Vietnam
trong việc khuyến khích tinh thần tự học và tư duy toàn cầu. Thông qua việc giới thiệu kho học liệu chất lượng từ các trường đại học và tập đoàn công nghệ hàng đầu thế giới, nhà trường kỳ vọng sinh viên sẽ chủ động tích lũy kiến thức, phát triển kỹ năng toàn diện để sẵn sàng cho giai đoạn học tập chuyển tiếp tại Đài Loan cũng như đáp ứng các yêu cầu khắt khe của thị trường lao động.
LIÊN HỆ VỚI CHÚNG TÔI
Cơ sở Hà Nội:
Số 8 Tôn Thất Thuyết, Phường Cầu Giấy, TP. Hà Nội
asiaunivietnam@fpt.edu.vn
0775 127 333
Cơ sở TP. Hồ Chí Minh:
Global Education Space, số 485 Lê Quang Định, Phường Hạnh Thông, TP. Hồ Chí Minh
asiaunivietnam@fpt.edu.vn
0775 867 333
TIN TỨC MỚI NHẤT
Asia University
2026/07/15
Mùa hoa tử vi nở rộ tại Asia University – một góc Đài Loan đang chờ sinh viên Asia University Program khám phá
7 min. read
Share
Share
Copy Link
Link copied to clipboard!
Asia University
2026/07/15
Asia University tăng 100 bậc tại THE Impact Rankings 2026, gắn phát triển bền vững với chương trình học và trải nghiệm quốc tế
11 min. read
Share
Share
Copy Link
Link copied to clipboard!
Asia University
2026/07/14
“Asia Summer Cup 2026” khởi tranh, khuấy động mùa hè bằng những trận cầu sinh viên rực lửa
7 min. read
Share
Share
Copy Link
Link copied to clipboard!
Asia University
2026/07/14
Ngoại ngữ trở thành lợi thế giúp nam sinh Đồng Tháp “bước vào” ngành bán dẫn
9 min. read
Share
Share
Copy Link
Link copied to clipboard!
Asia University
2026/07/13
Học Tài chính trong kỷ nguyên AI: 3 nhóm vị trí đòi hỏi năng lực dữ liệu và công nghệ
11 min. read
Share
Share
Copy Link
Link copied to clipboard!
Tin tức liên quan
Asia University
2026/07/15
Mùa hoa tử vi nở rộ tại Asia University – một góc Đài Loan đang chờ sinh viên Asia University Program khám phá
7 min. read
Share
Share
Copy Link
Link copied to clipboard!
Asia University
2026/07/15
Asia University tăng 100 bậc tại THE Impact Rankings 2026, gắn phát triển bền vững với chương trình học và trải nghiệm quốc tế
11 min. read
Share
Share
Copy Link
Link copied to clipboard!
Asia University
2026/07/14
“Asia Summer Cup 2026” khởi tranh, khuấy động mùa hè bằng những trận cầu sinh viên rực lửa
7 min. read
Share
Share
Copy Link
Link copied to clipboard!
Tải thêm
Về chúng tôi
Giới thiệu chung
Lý do chọn chúng tôi
Giải thưởng và thành tựu
Giảng viên và chuyên gia
Các câu hỏi thường gặp
Mẫu văn bằng
Quy định cho phép mở ngành
Kết nối doanh nghiệp
Cuộc sống sinh viên
Công dân toàn cầu
Cuộc sống sinh viên ở Đài Loan
Cuộc sống sinh viên ở Việt Nam
Trải nghiệm quốc tế
Dịch vụ sinh viên
Ngành học
Công nghệ bán dẫn
Trí tuệ nhân tạo (AI)
Quản trị kinh doanh
Tài chính
Nghiên cứu khoa học
Tuyển sinh
Thông báo tuyển sinh
Học bổng
Học phí
Tài liệu tuyển sinh
Tin tức
Sự kiện
Sinh viên hiện tại
Đăng nhập
Đăng nhập Canvas
Quy định đào tạo
Dịch vụ sinh viên
Hỗ trợ học tập
Kết nối phụ huynh
Career success
Sinh viên tương lai
Liên hệ
Chat Zalo
Chat Zalo
Hotline 0775127333
Hotline 0775127333
Đăng ký tư vấn
Đăng ký tư vấn